// Jest Snapshot v1, https://goo.gl/fbAQLP

exports[`Mounted App snapshot 1`] = `<nuxtlink-stub class="font-bold py-2 px-4 text-white bg-blue-500 hover:bg-blue-700 "></nuxtlink-stub>`;
